======================================================================
FNO2 MODEL TESTING REPORT
======================================================================
Generated on: 2026-04-17 00:11:14

----------------------------------------------------------------------
1. MODEL INFORMATION
----------------------------------------------------------------------
  Model Path: C:\traework\a\wilmer-deeplearn\fno2_model.pth
  Modes: 8
  Width: 16
  Epochs Trained: 2
  Resolution: 64x64
  Device: cpu

----------------------------------------------------------------------
3. TEST CASES RESULTS
----------------------------------------------------------------------
Test Case                            MSE           RMSE            MAE          MaxAE             R2   RelError (%)
------------------------------------------------------------------------------------------------------------------------
Standard (3 sources)            0.320619       0.566232       0.510173       0.885389        -3.7857    131879.48%
Single Source                   0.461729       0.679506       0.649746       0.882366        -8.2334    685299.56%
Multiple Sources (5)            0.469264       0.685028       0.654882       0.886711        -9.3137    301625.55%
Boundary Near                   0.390794       0.625135       0.572891       0.887889        -4.1785    652034.44%
Smooth Variation                0.260505       0.510397       0.446074       0.883321        -2.6696    386377.98%

----------------------------------------------------------------------
4. DATASET EVALUATION
----------------------------------------------------------------------
  MSE: 0.383029
  RMSE: 0.618894
  MAE: 0.578754
  MaxAE: 0.886248
  R2: -5.0590
  RelError (%): 165794.58%

----------------------------------------------------------------------
5. SUMMARY & CONCLUSIONS
----------------------------------------------------------------------
  Average MSE across test cases: 0.380582
  Average R² across test cases: -5.6362
  ✗ Poor performance, need more training or tuning

======================================================================
END OF REPORT
======================================================================